Archive member included because of file (symbol)

c:/winavr-20080610/bin/../lib/gcc/avr/4.3.0/avr5\libgcc.a(_mulsi3.o)
                              com_def.o (__mulsi3)
c:/winavr-20080610/bin/../lib/gcc/avr/4.3.0/avr5\libgcc.a(_divmodhi4.o)
                              com_def.o (__divmodhi4)
c:/winavr-20080610/bin/../lib/gcc/avr/4.3.0/avr5\libgcc.a(_divmodsi4.o)
                              com_def.o (__divmodsi4)
c:/winavr-20080610/bin/../lib/gcc/avr/4.3.0/avr5\libgcc.a(_exit.o)
                              c:/winavr-20080610/bin/../lib/gcc/avr/4.3.0/../../../../avr/lib/avr5/crtm16.o (exit)
c:/winavr-20080610/bin/../lib/gcc/avr/4.3.0/avr5\libgcc.a(_copy_data.o)
                              lcdtest.o (__do_copy_data)
c:/winavr-20080610/bin/../lib/gcc/avr/4.3.0/avr5\libgcc.a(_clear_bss.o)
                              lcdtest.o (__do_clear_bss)
c:/winavr-20080610/bin/../lib/gcc/avr/4.3.0/avr5\libgcc.a(_udivmodhi4.o)
                              c:/winavr-20080610/bin/../lib/gcc/avr/4.3.0/avr5\libgcc.a(_divmodhi4.o) (__udivmodhi4)
c:/winavr-20080610/bin/../lib/gcc/avr/4.3.0/avr5\libgcc.a(_udivmodsi4.o)
                              c:/winavr-20080610/bin/../lib/gcc/avr/4.3.0/avr5\libgcc.a(_divmodsi4.o) (__udivmodsi4)

Memory Configuration

Name             Origin             Length             Attributes
text             0x00000000         0x00020000         xr
data             0x00800060         0x0000ffa0         rw !x
eeprom           0x00810000         0x00010000         rw !x
fuse             0x00820000         0x00000400         rw !x
lock             0x00830000         0x00000400         rw !x
signature        0x00840000         0x00000400         rw !x
*default*        0x00000000         0xffffffff

Linker script and memory map

LOAD c:/winavr-20080610/bin/../lib/gcc/avr/4.3.0/../../../../avr/lib/avr5/crtm16.o
LOAD lcdtest.o
LOAD com_def.o
LOAD LCD.o
LOAD c:/winavr-20080610/bin/../lib/gcc/avr/4.3.0/avr5\libgcc.a
LOAD c:/winavr-20080610/bin/../lib/gcc/avr/4.3.0/../../../../avr/lib/avr5\libc.a
LOAD c:/winavr-20080610/bin/../lib/gcc/avr/4.3.0/avr5\libgcc.a

.hash
 *(.hash)

.dynsym
 *(.dynsym)

.dynstr
 *(.dynstr)

.gnu.version
 *(.gnu.version)

.gnu.version_d
 *(.gnu.version_d)

.gnu.version_r
 *(.gnu.version_r)

.rel.init
 *(.rel.init)

.rela.init
 *(.rela.init)

.rel.text
 *(.rel.text)
 *(.rel.text.*)
 *(.rel.gnu.linkonce.t*)

.rela.text
 *(.rela.text)
 *(.rela.text.*)
 *(.rela.gnu.linkonce.t*)

.rel.fini
 *(.rel.fini)

.rela.fini
 *(.rela.fini)

.rel.rodata
 *(.rel.rodata)
 *(.rel.rodata.*)
 *(.rel.gnu.linkonce.r*)

.rela.rodata
 *(.rela.rodata)
 *(.rela.rodata.*)
 *(.rela.gnu.linkonce.r*)

.rel.data
 *(.rel.data)
 *(.rel.data.*)
 *(.rel.gnu.linkonce.d*)

.rela.data
 *(.rela.data)
 *(.rela.data.*)
 *(.rela.gnu.linkonce.d*)

.rel.ctors
 *(.rel.ctors)

.rela.ctors
 *(.rela.ctors)

.rel.dtors
 *(.rel.dtors)

.rela.dtors
 *(.rela.dtors)

.rel.got
 *(.rel.got)

.rela.got
 *(.rela.got)

.rel.bss
 *(.rel.bss)

.rela.bss
 *(.rela.bss)

.rel.plt
 *(.rel.plt)

.rela.plt
 *(.rela.plt)

.text           0x00000000      0x694
 *(.vectors)
 .vectors       0x00000000       0x54 c:/winavr-20080610/bin/../lib/gcc/avr/4.3.0/../../../../avr/lib/avr5/crtm16.o
                0x00000000                __vectors
                0x00000000                __vector_default
 *(.vectors)
 *(.progmem.gcc*)
 *(.progmem*)
                0x00000054                . = ALIGN (0x2)
                0x00000054                __trampolines_start = .
 *(.trampolines)
 .trampolines   0x00000054        0x0 linker stubs
 *(.trampolines*)
                0x00000054                __trampolines_end = .
 *(.jumptables)
 *(.jumptables*)
 *(.lowtext)
 *(.lowtext*)
                0x00000054                __ctors_start = .
 *(.ctors)
                0x00000054                __ctors_end = .
                0x00000054                __dtors_start = .
 *(.dtors)
                0x00000054                __dtors_end = .
 SORT(*)(.ctors)
 SORT(*)(.dtors)
 *(.init0)
 .init0         0x00000054        0x0 c:/winavr-20080610/bin/../lib/gcc/avr/4.3.0/../../../../avr/lib/avr5/crtm16.o
                0x00000054                __init
 *(.init0)
 *(.init1)
 *(.init1)
 *(.init2)
 .init2         0x00000054        0xc c:/winavr-20080610/bin/../lib/gcc/avr/4.3.0/../../../../avr/lib/avr5/crtm16.o
 *(.init2)
 *(.init3)
 *(.init3)
 *(.init4)
 .init4         0x00000060       0x16 c:/winavr-20080610/bin/../lib/gcc/avr/4.3.0/avr5\libgcc.a(_copy_data.o)
                0x00000060                __do_copy_data
 .init4         0x00000076       0x10 c:/winavr-20080610/bin/../lib/gcc/avr/4.3.0/avr5\libgcc.a(_clear_bss.o)
                0x00000076                __do_clear_bss
 *(.init4)
 *(.init5)
 *(.init5)
 *(.init6)
 *(.init6)
 *(.init7)
 *(.init7)
 *(.init8)
 *(.init8)
 *(.init9)
 .init9         0x00000086        0x8 c:/winavr-20080610/bin/../lib/gcc/avr/4.3.0/../../../../avr/lib/avr5/crtm16.o
 *(.init9)
 *(.text)
 .text          0x0000008e        0x4 c:/winavr-20080610/bin/../lib/gcc/avr/4.3.0/../../../../avr/lib/avr5/crtm16.o
                0x0000008e                __vector_1
                0x0000008e                __vector_12
                0x0000008e                __bad_interrupt
                0x0000008e                __vector_6
                0x0000008e                __vector_3
                0x0000008e                __vector_11
                0x0000008e                __vector_13
                0x0000008e                __vector_17
                0x0000008e                __vector_19
                0x0000008e                __vector_7
                0x0000008e                __vector_5
                0x0000008e                __vector_4
                0x0000008e                __vector_9
                0x0000008e                __vector_2
                0x0000008e                __vector_15
                0x0000008e                __vector_8
                0x0000008e                __vector_14
                0x0000008e                __vector_10
                0x0000008e                __vector_16
                0x0000008e                __vector_18
                0x0000008e                __vector_20
 .text          0x00000092       0x1a lcdtest.o
                0x00000092                main
 .text          0x000000ac      0x232 com_def.o
                0x000001b2                map
                0x000000ac                integer_to_char
                0x000001a8                char2num
                0x00000244                char_to_int
                0x00000172                hex_to_char
 .text          0x000002de      0x2ac LCD.o
                0x000003fa                lcdcmd
                0x000002de                dis_cmd
                0x00000420                lcddata
                0x00000460                LCD_write_string_line1
                0x000004e4                LCD_write_string
                0x00000448                dis_data
                0x00000338                lcd_init
                0x00000572                CLEAR_LCD
                0x00000532                LCD_write_string_custom
                0x000004a2                LCD_write_string_line2
 .text          0x0000058a        0x0 c:/winavr-20080610/bin/../lib/gcc/avr/4.3.0/avr5\libgcc.a(_mulsi3.o)
 .text          0x0000058a        0x0 c:/winavr-20080610/bin/../lib/gcc/avr/4.3.0/avr5\libgcc.a(_divmodhi4.o)
 .text          0x0000058a        0x0 c:/winavr-20080610/bin/../lib/gcc/avr/4.3.0/avr5\libgcc.a(_divmodsi4.o)
 .text          0x0000058a        0x0 c:/winavr-20080610/bin/../lib/gcc/avr/4.3.0/avr5\libgcc.a(_exit.o)
 .text          0x0000058a        0x0 c:/winavr-20080610/bin/../lib/gcc/avr/4.3.0/avr5\libgcc.a(_copy_data.o)
 .text          0x0000058a        0x0 c:/winavr-20080610/bin/../lib/gcc/avr/4.3.0/avr5\libgcc.a(_clear_bss.o)
 .text          0x0000058a        0x0 c:/winavr-20080610/bin/../lib/gcc/avr/4.3.0/avr5\libgcc.a(_udivmodhi4.o)
 .text          0x0000058a        0x0 c:/winavr-20080610/bin/../lib/gcc/avr/4.3.0/avr5\libgcc.a(_udivmodsi4.o)
                0x0000058a                . = ALIGN (0x2)
 *(.text.*)
 .text.libgcc   0x0000058a       0x3e c:/winavr-20080610/bin/../lib/gcc/avr/4.3.0/avr5\libgcc.a(_mulsi3.o)
                0x0000058a                __mulsi3
 .text.libgcc   0x000005c8       0x26 c:/winavr-20080610/bin/../lib/gcc/avr/4.3.0/avr5\libgcc.a(_divmodhi4.o)
                0x000005c8                __divmodhi4
                0x000005c8                _div
 .text.libgcc   0x000005ee       0x36 c:/winavr-20080610/bin/../lib/gcc/avr/4.3.0/avr5\libgcc.a(_divmodsi4.o)
                0x000005ee                __divmodsi4
 .text.libgcc   0x00000624        0x0 c:/winavr-20080610/bin/../lib/gcc/avr/4.3.0/avr5\libgcc.a(_exit.o)
 .text.libgcc   0x00000624        0x0 c:/winavr-20080610/bin/../lib/gcc/avr/4.3.0/avr5\libgcc.a(_copy_data.o)
 .text.libgcc   0x00000624        0x0 c:/winavr-20080610/bin/../lib/gcc/avr/4.3.0/avr5\libgcc.a(_clear_bss.o)
 .text.libgcc   0x00000624       0x28 c:/winavr-20080610/bin/../lib/gcc/avr/4.3.0/avr5\libgcc.a(_udivmodhi4.o)
                0x00000624                __udivmodhi4
 .text.libgcc   0x0000064c       0x44 c:/winavr-20080610/bin/../lib/gcc/avr/4.3.0/avr5\libgcc.a(_udivmodsi4.o)
                0x0000064c                __udivmodsi4
                0x00000690                . = ALIGN (0x2)
 *(.fini9)
 .fini9         0x00000690        0x0 c:/winavr-20080610/bin/../lib/gcc/avr/4.3.0/avr5\libgcc.a(_exit.o)
                0x00000690                exit
                0x00000690                _exit
 *(.fini9)
 *(.fini8)
 *(.fini8)
 *(.fini7)
 *(.fini7)
 *(.fini6)
 *(.fini6)
 *(.fini5)
 *(.fini5)
 *(.fini4)
 *(.fini4)
 *(.fini3)
 *(.fini3)
 *(.fini2)
 *(.fini2)
 *(.fini1)
 *(.fini1)
 *(.fini0)
 .fini0         0x00000690        0x4 c:/winavr-20080610/bin/../lib/gcc/avr/4.3.0/avr5\libgcc.a(_exit.o)
 *(.fini0)
                0x00000694                _etext = .

.data           0x00800060       0x22 load address 0x00000694
                0x00800060                PROVIDE (__data_start, .)
 *(.data)
 .data          0x00800060        0x0 c:/winavr-20080610/bin/../lib/gcc/avr/4.3.0/../../../../avr/lib/avr5/crtm16.o
 .data          0x00800060       0x11 lcdtest.o
 .data          0x00800071        0x0 com_def.o
 .data          0x00800071       0x11 LCD.o
 .data          0x00800082        0x0 c:/winavr-20080610/bin/../lib/gcc/avr/4.3.0/avr5\libgcc.a(_mulsi3.o)
 .data          0x00800082        0x0 c:/winavr-20080610/bin/../lib/gcc/avr/4.3.0/avr5\libgcc.a(_divmodhi4.o)
 .data          0x00800082        0x0 c:/winavr-20080610/bin/../lib/gcc/avr/4.3.0/avr5\libgcc.a(_divmodsi4.o)
 .data          0x00800082        0x0 c:/winavr-20080610/bin/../lib/gcc/avr/4.3.0/avr5\libgcc.a(_exit.o)
 .data          0x00800082        0x0 c:/winavr-20080610/bin/../lib/gcc/avr/4.3.0/avr5\libgcc.a(_copy_data.o)
 .data          0x00800082        0x0 c:/winavr-20080610/bin/../lib/gcc/avr/4.3.0/avr5\libgcc.a(_clear_bss.o)
 .data          0x00800082        0x0 c:/winavr-20080610/bin/../lib/gcc/avr/4.3.0/avr5\libgcc.a(_udivmodhi4.o)
 .data          0x00800082        0x0 c:/winavr-20080610/bin/../lib/gcc/avr/4.3.0/avr5\libgcc.a(_udivmodsi4.o)
 *(.data*)
 *(.rodata)
 *(.rodata*)
 *(.gnu.linkonce.d*)
                0x00800082                . = ALIGN (0x2)
                0x00800082                _edata = .
                0x00800082                PROVIDE (__data_end, .)

.bss            0x00800082        0x0 load address 0x000006b6
                0x00800082                PROVIDE (__bss_start, .)
 *(.bss)
 .bss           0x00800082        0x0 c:/winavr-20080610/bin/../lib/gcc/avr/4.3.0/../../../../avr/lib/avr5/crtm16.o
 .bss           0x00800082        0x0 lcdtest.o
 .bss           0x00800082        0x0 com_def.o
 .bss           0x00800082        0x0 LCD.o
 .bss           0x00800082        0x0 c:/winavr-20080610/bin/../lib/gcc/avr/4.3.0/avr5\libgcc.a(_mulsi3.o)
 .bss           0x00800082        0x0 c:/winavr-20080610/bin/../lib/gcc/avr/4.3.0/avr5\libgcc.a(_divmodhi4.o)
 .bss           0x00800082        0x0 c:/winavr-20080610/bin/../lib/gcc/avr/4.3.0/avr5\libgcc.a(_divmodsi4.o)
 .bss           0x00800082        0x0 c:/winavr-20080610/bin/../lib/gcc/avr/4.3.0/avr5\libgcc.a(_exit.o)
 .bss           0x00800082        0x0 c:/winavr-20080610/bin/../lib/gcc/avr/4.3.0/avr5\libgcc.a(_copy_data.o)
 .bss           0x00800082        0x0 c:/winavr-20080610/bin/../lib/gcc/avr/4.3.0/avr5\libgcc.a(_clear_bss.o)
 .bss           0x00800082        0x0 c:/winavr-20080610/bin/../lib/gcc/avr/4.3.0/avr5\libgcc.a(_udivmodhi4.o)
 .bss           0x00800082        0x0 c:/winavr-20080610/bin/../lib/gcc/avr/4.3.0/avr5\libgcc.a(_udivmodsi4.o)
 *(.bss*)
 *(COMMON)
                0x00800082                PROVIDE (__bss_end, .)
                0x00000694                __data_load_start = LOADADDR (.data)
                0x000006b6                __data_load_end = (__data_load_start + SIZEOF (.data))

.noinit         0x00800082        0x0
                0x00800082                PROVIDE (__noinit_start, .)
 *(.noinit*)
                0x00800082                PROVIDE (__noinit_end, .)
                0x00800082                _end = .
                0x00800082                PROVIDE (__heap_start, .)

.eeprom         0x00810000        0x0
 *(.eeprom*)
                0x00810000                __eeprom_end = .

.fuse
 *(.fuse)
 *(.lfuse)
 *(.hfuse)
 *(.efuse)

.lock
 *(.lock*)

.signature
 *(.signature*)

.stab
 *(.stab)

.stabstr
 *(.stabstr)

.stab.excl
 *(.stab.excl)

.stab.exclstr
 *(.stab.exclstr)

.stab.index
 *(.stab.index)

.stab.indexstr
 *(.stab.indexstr)

.comment
 *(.comment)

.debug
 *(.debug)

.line
 *(.line)

.debug_srcinfo
 *(.debug_srcinfo)

.debug_sfnames
 *(.debug_sfnames)

.debug_aranges  0x00000000       0x60
 *(.debug_aranges)
 .debug_aranges
                0x00000000       0x20 lcdtest.o
 .debug_aranges
                0x00000020       0x20 com_def.o
 .debug_aranges
                0x00000040       0x20 LCD.o

.debug_pubnames
                0x00000000      0x13a
 *(.debug_pubnames)
 .debug_pubnames
                0x00000000       0x1b lcdtest.o
 .debug_pubnames
                0x0000001b       0x5b com_def.o
 .debug_pubnames
                0x00000076       0xc4 LCD.o

.debug_info     0x00000000      0xa1f
 *(.debug_info)
 .debug_info    0x00000000       0x75 lcdtest.o
 .debug_info    0x00000075      0x1e5 com_def.o
 .debug_info    0x0000025a      0x7c5 LCD.o
 *(.gnu.linkonce.wi.*)

.debug_abbrev   0x00000000      0x27e
 *(.debug_abbrev)
 .debug_abbrev  0x00000000       0x3f lcdtest.o
 .debug_abbrev  0x0000003f       0xcd com_def.o
 .debug_abbrev  0x0000010c      0x172 LCD.o

.debug_line     0x00000000      0x701
 *(.debug_line)
 .debug_line    0x00000000       0x79 lcdtest.o
 .debug_line    0x00000079      0x1b9 com_def.o
 .debug_line    0x00000232      0x4cf LCD.o

.debug_frame    0x00000000      0x130
 *(.debug_frame)
 .debug_frame   0x00000000       0x20 lcdtest.o
 .debug_frame   0x00000020       0x60 com_def.o
 .debug_frame   0x00000080       0xb0 LCD.o

.debug_str      0x00000000      0x23c
 *(.debug_str)
 .debug_str     0x00000000       0x65 lcdtest.o
                                 0x99 (size before relaxing)
 .debug_str     0x00000065       0xaa com_def.o
                                0x136 (size before relaxing)
 .debug_str     0x0000010f      0x12d LCD.o
                                0x1b9 (size before relaxing)

.debug_loc      0x00000000      0x6ea
 *(.debug_loc)
 .debug_loc     0x00000000      0x2a2 com_def.o
 .debug_loc     0x000002a2      0x448 LCD.o

.debug_macinfo
 *(.debug_macinfo)
OUTPUT(lcdtest.elf elf32-avr)
LOAD linker stubs

.debug_ranges   0x00000000      0x120
 .debug_ranges  0x00000000      0x120 LCD.o
